// Jest Snapshot v1, https://goo.gl/fbAQLP

exports[`SignupPage should match with snapshot 1`] = `"<div class=\\"col\\"><h2 class=\\"text-center page-title\\">Bem Vindo!</h2><div class=\\"row\\"><div class=\\"col\\"><button class=\\"py-0 pt-1 btn btn-primary btn-block\\"><div class=\\"no-gutters row\\"><div class=\\"text-right col\\"><ion-icon style=\\"font-size: 28px;\\" name=\\"logo-linkedin\\"></ion-icon></div><div class=\\"text-left pt-1 col\\">Linked in</div></div></button></div></div><div class=\\"divider\\"><span>OU</span></div><form><div class=\\"position-relative form-group\\"><label for=\\"name\\" class=\\"mb-0\\">Nome</label><div><input name=\\"name\\" required=\\"\\" maxlength=\\"20\\" id=\\"name\\" type=\\"text\\" class=\\"form-control form-control\\" value=\\"\\"><div class=\\"invalid-feedback\\"></div></div></div><div class=\\"position-relative form-group\\"><label for=\\"email\\" class=\\"mb-0\\">Email</label><div><input name=\\"email\\" id=\\"email\\" placeholder=\\"email@exemplo.com\\" type=\\"email\\" class=\\"form-control form-control\\" value=\\"\\"><div class=\\"invalid-feedback\\"></div></div></div><div class=\\"position-relative form-group\\"><label for=\\"password\\" class=\\"mb-0\\">Senha</label><div><input name=\\"password\\" id=\\"password\\" type=\\"password\\" class=\\"form-control form-control\\" value=\\"\\"><div class=\\"invalid-feedback\\"></div></div></div><div class=\\"position-relative form-check\\"><label class=\\"text-wrapper form-check-label\\"><div><input required=\\"\\" name=\\"policies\\" id=\\"policies\\" type=\\"checkbox\\" class=\\"form-check-input\\" value=\\"S\\"><div class=\\"invalid-feedback\\"></div></div>Para cadastrar, você concorda com nossa<a class=\\"link\\" href=\\"/\\"> Politica de privacidade</a> e<a class=\\"link\\" href=\\"/\\"> Termos de uso</a></label></div><div class=\\"pt-3 row\\"><div class=\\"col\\"><a class=\\"link\\" href=\\"/login\\">Eu já tenho uma conta!</a></div><div class=\\"text-right col\\"><button type=\\"submit\\" disabled=\\"\\" class=\\"px-4 btn btn-primary disabled\\">Cadastrar</button></div></div></form></div>"`;
